/page2.html (4 hits)
/page1.html (3 hits)
/image.jpg (2 hits)
/page3.html (1 hits)