Le nom de fichier des logs ./test.loog n'est pas conforme.
